// Jest Snapshot v1, https://goo.gl/fbAQLP

exports[`renders correctly 1`] = `
ShallowWrapper {
  "length": 1,
  Symbol(enzyme.__root__): [Circular],
  Symbol(enzyme.__unrendered__): <Login />,
  Symbol(enzyme.__renderer__): Object {
    "batchedUpdates": [Function],
    "getNode": [Function],
    "render": [Function],
    "simulateEvent": [Function],
    "unmount": [Function],
  },
  Symbol(enzyme.__node__): Object {
    "instance": null,
    "key": undefined,
    "nodeType": "class",
    "props": Object {
      "children": <Text
        accessible={true}
        allowFontScaling={true}
        ellipsizeMode="tail"
        style={
          Object {
            "fontSize": 30,
            "margin": 20,
          }
        }
      >
        Login with Google
      </Text>,
      "style": Object {
        "alignItems": "center",
        "backgroundColor": "#fafbfc",
        "flex": 1,
        "flexDirection": "column",
        "justifyContent": "center",
      },
    },
    "ref": null,
    "rendered": Object {
      "instance": null,
      "key": undefined,
      "nodeType": "class",
      "props": Object {
        "accessible": true,
        "allowFontScaling": true,
        "children": "Login with Google",
        "ellipsizeMode": "tail",
        "style": Object {
          "fontSize": 30,
          "margin": 20,
        },
      },
      "ref": null,
      "rendered": "Login with Google",
      "type": [Function],
    },
    "type": [Function],
  },
  Symbol(enzyme.__nodes__): Array [
    Object {
      "instance": null,
      "key": undefined,
      "nodeType": "class",
      "props": Object {
        "children": <Text
          accessible={true}
          allowFontScaling={true}
          ellipsizeMode="tail"
          style={
            Object {
              "fontSize": 30,
              "margin": 20,
            }
          }
        >
          Login with Google
        </Text>,
        "style": Object {
          "alignItems": "center",
          "backgroundColor": "#fafbfc",
          "flex": 1,
          "flexDirection": "column",
          "justifyContent": "center",
        },
      },
      "ref": null,
      "rendered": Object {
        "instance": null,
        "key": undefined,
        "nodeType": "class",
        "props": Object {
          "accessible": true,
          "allowFontScaling": true,
          "children": "Login with Google",
          "ellipsizeMode": "tail",
          "style": Object {
            "fontSize": 30,
            "margin": 20,
          },
        },
        "ref": null,
        "rendered": "Login with Google",
        "type": [Function],
      },
      "type": [Function],
    },
  ],
  Symbol(enzyme.__options__): Object {
    "adapter": ReactSixteenAdapter {
      "options": Object {
        "enableComponentDidUpdateOnSetState": true,
      },
    },
  },
}
`;
