// Jest Snapshot v1, https://goo.gl/fbAQLP

exports[`renders correctly 1`] = `
ShallowWrapper {
  "length": 1,
  Symbol(enzyme.__root__): [Circular],
  Symbol(enzyme.__unrendered__): <Message
    currentUser={
      Object {
        "uid": "123",
      }
    }
    user={
      Object {
        "displayName": "Test User",
        "uid": "1234",
      }
    }
  />,
  Symbol(enzyme.__renderer__): Object {
    "batchedUpdates": [Function],
    "getNode": [Function],
    "render": [Function],
    "simulateEvent": [Function],
    "unmount": [Function],
  },
  Symbol(enzyme.__node__): Object {
    "instance": null,
    "key": undefined,
    "nodeType": "class",
    "props": Object {
      "children": Array [
        <Text
          accessible={true}
          allowFontScaling={true}
          className="Message-time other-user"
          ellipsizeMode="tail"
        >
          Test User
        </Text>,
        <Text
          accessible={true}
          allowFontScaling={true}
          className="Message other-user green"
          ellipsizeMode="tail"
        />,
        <Text
          accessible={true}
          allowFontScaling={true}
          className="Message-time other-user"
          ellipsizeMode="tail"
        >
          a few seconds ago
        </Text>,
      ],
      "className": "Message-wrapper",
    },
    "ref": null,
    "rendered": Array [
      Object {
        "instance": null,
        "key": undefined,
        "nodeType": "class",
        "props": Object {
          "accessible": true,
          "allowFontScaling": true,
          "children": "Test User",
          "className": "Message-time other-user",
          "ellipsizeMode": "tail",
        },
        "ref": null,
        "rendered": "Test User",
        "type": [Function],
      },
      Object {
        "instance": null,
        "key": undefined,
        "nodeType": "class",
        "props": Object {
          "accessible": true,
          "allowFontScaling": true,
          "children": undefined,
          "className": "Message other-user green",
          "ellipsizeMode": "tail",
        },
        "ref": null,
        "rendered": null,
        "type": [Function],
      },
      Object {
        "instance": null,
        "key": undefined,
        "nodeType": "class",
        "props": Object {
          "accessible": true,
          "allowFontScaling": true,
          "children": "a few seconds ago",
          "className": "Message-time other-user",
          "ellipsizeMode": "tail",
        },
        "ref": null,
        "rendered": "a few seconds ago",
        "type": [Function],
      },
    ],
    "type": [Function],
  },
  Symbol(enzyme.__nodes__): Array [
    Object {
      "instance": null,
      "key": undefined,
      "nodeType": "class",
      "props": Object {
        "children": Array [
          <Text
            accessible={true}
            allowFontScaling={true}
            className="Message-time other-user"
            ellipsizeMode="tail"
          >
            Test User
          </Text>,
          <Text
            accessible={true}
            allowFontScaling={true}
            className="Message other-user green"
            ellipsizeMode="tail"
          />,
          <Text
            accessible={true}
            allowFontScaling={true}
            className="Message-time other-user"
            ellipsizeMode="tail"
          >
            a few seconds ago
          </Text>,
        ],
        "className": "Message-wrapper",
      },
      "ref": null,
      "rendered": Array [
        Object {
          "instance": null,
          "key": undefined,
          "nodeType": "class",
          "props": Object {
            "accessible": true,
            "allowFontScaling": true,
            "children": "Test User",
            "className": "Message-time other-user",
            "ellipsizeMode": "tail",
          },
          "ref": null,
          "rendered": "Test User",
          "type": [Function],
        },
        Object {
          "instance": null,
          "key": undefined,
          "nodeType": "class",
          "props": Object {
            "accessible": true,
            "allowFontScaling": true,
            "children": undefined,
            "className": "Message other-user green",
            "ellipsizeMode": "tail",
          },
          "ref": null,
          "rendered": null,
          "type": [Function],
        },
        Object {
          "instance": null,
          "key": undefined,
          "nodeType": "class",
          "props": Object {
            "accessible": true,
            "allowFontScaling": true,
            "children": "a few seconds ago",
            "className": "Message-time other-user",
            "ellipsizeMode": "tail",
          },
          "ref": null,
          "rendered": "a few seconds ago",
          "type": [Function],
        },
      ],
      "type": [Function],
    },
  ],
  Symbol(enzyme.__options__): Object {
    "adapter": ReactSixteenAdapter {
      "options": Object {
        "enableComponentDidUpdateOnSetState": true,
      },
    },
  },
}
`;
