// Jest Snapshot v1, https://goo.gl/fbAQLP

exports[`renders correctly with store 1`] = `
ShallowWrapper {
  "length": 1,
  Symbol(enzyme.__root__): [Circular],
  Symbol(enzyme.__unrendered__): <Connect(MessageListContainer) />,
  Symbol(enzyme.__renderer__): Object {
    "batchedUpdates": [Function],
    "getNode": [Function],
    "render": [Function],
    "simulateEvent": [Function],
    "unmount": [Function],
  },
  Symbol(enzyme.__node__): Object {
    "instance": null,
    "key": undefined,
    "nodeType": "class",
    "props": Object {
      "currentUser": Object {
        "displayName": "Test User",
        "uid": "1234",
      },
      "messages": Array [
        Object {
          "currentUser": Object {
            "displayName": "Test User",
            "uid": "1234",
          },
          "message": "Test Message",
          "time": "12:30",
          "user": Object {
            "displayName": "Other user",
            "uid": "12345",
          },
        },
        Object {
          "currentUser": Object {
            "displayName": "Test User",
            "uid": "1234",
          },
          "message": "Test Message 2",
          "time": "12:30",
          "user": Object {
            "displayName": "Other user",
            "uid": "12345",
          },
        },
      ],
    },
    "ref": null,
    "rendered": null,
    "type": [Function],
  },
  Symbol(enzyme.__nodes__): Array [
    Object {
      "instance": null,
      "key": undefined,
      "nodeType": "class",
      "props": Object {
        "currentUser": Object {
          "displayName": "Test User",
          "uid": "1234",
        },
        "messages": Array [
          Object {
            "currentUser": Object {
              "displayName": "Test User",
              "uid": "1234",
            },
            "message": "Test Message",
            "time": "12:30",
            "user": Object {
              "displayName": "Other user",
              "uid": "12345",
            },
          },
          Object {
            "currentUser": Object {
              "displayName": "Test User",
              "uid": "1234",
            },
            "message": "Test Message 2",
            "time": "12:30",
            "user": Object {
              "displayName": "Other user",
              "uid": "12345",
            },
          },
        ],
      },
      "ref": null,
      "rendered": null,
      "type": [Function],
    },
  ],
  Symbol(enzyme.__options__): Object {
    "adapter": ReactSixteenAdapter {
      "options": Object {
        "enableComponentDidUpdateOnSetState": true,
      },
    },
    "context": Object {
      "store": Object {
        "clearActions": [Function],
        "dispatch": [Function],
        "getActions": [Function],
        "getState": [Function],
        "replaceReducer": [Function],
        "subscribe": [Function],
      },
    },
  },
}
`;
